// Jest Snapshot v1, https://goo.gl/fbAQLP

exports[`renders correctly when there are no notes 1`] = `
<div
  className="NoteList"
>
  <form
    onSubmit={[Function]}
  >
    <label>
      Add Note: 
      <input
        onChange={[Function]}
        type="text"
        value=""
      />
    </label>
    <input
      type="submit"
      value="Submit"
    />
  </form>
</div>
`;
